// Bun Snapshot v1, https://bun.sh/docs/test/snapshots

exports[`canonical creator overlay projection keeps report and category visual geometry stable at 1080x1920 1`] = `
{
  "category": [
    {
      "id": "left-eye-contour",
      "kind": "polyline",
      "points": [
        {
          "x": 28,
          "y": 729.6,
        },
        {
          "x": 51.893,
          "y": 748.8,
        },
        {
          "x": 75.787,
          "y": 729.6,
        },
        {
          "x": 99.68,
          "y": 748.8,
        },
        {
          "x": 123.573,
          "y": 729.6,
        },
        {
          "x": 147.467,
          "y": 748.8,
        },
        {
          "x": 171.36,
          "y": 729.6,
        },
        {
          "x": 195.253,
          "y": 748.8,
        },
        {
          "x": 219.147,
          "y": 729.6,
        },
        {
          "x": 243.04,
          "y": 748.8,
        },
        {
          "x": 266.933,
          "y": 729.6,
        },
        {
          "x": 290.827,
          "y": 748.8,
        },
        {
          "x": 314.72,
          "y": 729.6,
        },
        {
          "x": 338.613,
          "y": 748.8,
        },
        {
          "x": 362.507,
          "y": 729.6,
        },
        {
          "x": 386.4,
          "y": 748.8,
        },
      ],
    },
    {
      "id": "right-eye-contour",
      "kind": "polyline",
      "points": [
        {
          "x": 710.667,
          "y": 729.6,
        },
        {
          "x": 734.56,
          "y": 748.8,
        },
        {
          "x": 758.453,
          "y": 729.6,
        },
        {
          "x": 782.347,
          "y": 748.8,
        },
        {
          "x": 806.24,
          "y": 729.6,
        },
        {
          "x": 830.133,
          "y": 748.8,
        },
        {
          "x": 854.027,
          "y": 729.6,
        },
        {
          "x": 877.92,
          "y": 748.8,
        },
        {
          "x": 901.813,
          "y": 729.6,
        },
        {
          "x": 925.707,
          "y": 748.8,
        },
        {
          "x": 949.6,
          "y": 729.6,
        },
        {
          "x": 973.493,
          "y": 748.8,
        },
        {
          "x": 997.387,
          "y": 729.6,
        },
        {
          "x": 1021.28,
          "y": 748.8,
        },
        {
          "x": 1045.173,
          "y": 729.6,
        },
        {
          "x": 1069.067,
          "y": 748.8,
        },
      ],
    },
    {
      "from": {
        "x": 28,
        "y": 729.6,
      },
      "id": "eye-line",
      "kind": "line",
      "to": {
        "x": 1120.267,
        "y": 729.6,
      },
    },
    {
      "id": "left-eye-outer",
      "kind": "point",
      "point": {
        "x": 28,
        "y": 729.6,
      },
    },
    {
      "id": "left-eye-inner",
      "kind": "point",
      "point": {
        "x": 403.467,
        "y": 748.8,
      },
    },
    {
      "id": "right-eye-inner",
      "kind": "point",
      "point": {
        "x": 710.667,
        "y": 748.8,
      },
    },
    {
      "id": "right-eye-outer",
      "kind": "point",
      "point": {
        "x": 1120.267,
        "y": 729.6,
      },
    },
    {
      "id": "left-pupil",
      "kind": "point",
      "point": {
        "x": 215.733,
        "y": 748.8,
      },
    },
    {
      "id": "right-pupil",
      "kind": "point",
      "point": {
        "x": 915.467,
        "y": 748.8,
      },
    },
    {
      "id": "eyes-label",
      "kind": "label",
      "point": {
        "x": 847.2,
        "y": 883.2,
      },
    },
  ],
  "report": [
    {
      "id": "face-region",
      "kind": "region",
      "points": [
        {
          "x": -142.667,
          "y": 460.8,
        },
        {
          "x": -40.267,
          "y": 708.599,
        },
        {
          "x": 62.133,
          "y": 943.973,
        },
        {
          "x": 164.533,
          "y": 1155.118,
        },
        {
          "x": 266.933,
          "y": 1331.448,
        },
        {
          "x": 369.333,
          "y": 1464.119,
        },
        {
          "x": 471.733,
          "y": 1546.48,
        },
        {
          "x": 574.133,
          "y": 1574.4,
        },
        {
          "x": 676.533,
          "y": 1546.48,
        },
        {
          "x": 778.933,
          "y": 1464.119,
        },
        {
          "x": 881.333,
          "y": 1331.448,
        },
        {
          "x": 983.733,
          "y": 1155.118,
        },
        {
          "x": 1086.133,
          "y": 943.973,
        },
        {
          "x": 1188.533,
          "y": 708.599,
        },
        {
          "x": 1290.933,
          "y": 460.8,
        },
      ],
    },
    {
      "id": "face-outline",
      "kind": "polyline",
      "points": [
        {
          "x": -142.667,
          "y": 460.8,
        },
        {
          "x": -40.267,
          "y": 708.599,
        },
        {
          "x": 62.133,
          "y": 943.973,
        },
        {
          "x": 164.533,
          "y": 1155.118,
        },
        {
          "x": 266.933,
          "y": 1331.448,
        },
        {
          "x": 369.333,
          "y": 1464.119,
        },
        {
          "x": 471.733,
          "y": 1546.48,
        },
        {
          "x": 574.133,
          "y": 1574.4,
        },
        {
          "x": 676.533,
          "y": 1546.48,
        },
        {
          "x": 778.933,
          "y": 1464.119,
        },
        {
          "x": 881.333,
          "y": 1331.448,
        },
        {
          "x": 983.733,
          "y": 1155.118,
        },
        {
          "x": 1086.133,
          "y": 943.973,
        },
        {
          "x": 1188.533,
          "y": 708.599,
        },
        {
          "x": 1290.933,
          "y": 460.8,
        },
      ],
    },
    {
      "from": {
        "x": 557.067,
        "y": 460.8,
      },
      "id": "center-axis",
      "kind": "line",
      "to": {
        "x": 574.133,
        "y": 1574.4,
      },
    },
    {
      "from": {
        "x": 28,
        "y": 729.6,
      },
      "id": "eye-line",
      "kind": "line",
      "to": {
        "x": 1120.267,
        "y": 729.6,
      },
    },
    {
      "from": {
        "x": 266.933,
        "y": 1267.2,
      },
      "id": "mouth-line",
      "kind": "line",
      "to": {
        "x": 949.6,
        "y": 1267.2,
      },
    },
    {
      "id": "forehead",
      "kind": "point",
      "point": {
        "x": 557.067,
        "y": 460.8,
      },
    },
    {
      "id": "left-eye",
      "kind": "point",
      "point": {
        "x": 28,
        "y": 729.6,
      },
    },
    {
      "id": "right-eye",
      "kind": "point",
      "point": {
        "x": 1120.267,
        "y": 729.6,
      },
    },
    {
      "id": "mouth",
      "kind": "point",
      "point": {
        "x": 608.267,
        "y": 1276.8,
      },
    },
    {
      "id": "chin",
      "kind": "point",
      "point": {
        "x": 574.133,
        "y": 1574.4,
      },
    },
    {
      "id": "overall-label",
      "kind": "label",
      "point": {
        "x": 813.067,
        "y": 1017.6,
      },
    },
  ],
}
`;

exports[`canonical creator overlay projection keeps report and category visual geometry stable at 1080x1350 1`] = `
{
  "category": [
    {
      "id": "left-eye-contour",
      "kind": "polyline",
      "points": [
        {
          "x": 180,
          "y": 513,
        },
        {
          "x": 196.8,
          "y": 526.5,
        },
        {
          "x": 213.6,
          "y": 513,
        },
        {
          "x": 230.4,
          "y": 526.5,
        },
        {
          "x": 247.2,
          "y": 513,
        },
        {
          "x": 264,
          "y": 526.5,
        },
        {
          "x": 280.8,
          "y": 513,
        },
        {
          "x": 297.6,
          "y": 526.5,
        },
        {
          "x": 314.4,
          "y": 513,
        },
        {
          "x": 331.2,
          "y": 526.5,
        },
        {
          "x": 348,
          "y": 513,
        },
        {
          "x": 364.8,
          "y": 526.5,
        },
        {
          "x": 381.6,
          "y": 513,
        },
        {
          "x": 398.4,
          "y": 526.5,
        },
        {
          "x": 415.2,
          "y": 513,
        },
        {
          "x": 432,
          "y": 526.5,
        },
      ],
    },
    {
      "id": "right-eye-contour",
      "kind": "polyline",
      "points": [
        {
          "x": 660,
          "y": 513,
        },
        {
          "x": 676.8,
          "y": 526.5,
        },
        {
          "x": 693.6,
          "y": 513,
        },
        {
          "x": 710.4,
          "y": 526.5,
        },
        {
          "x": 727.2,
          "y": 513,
        },
        {
          "x": 744,
          "y": 526.5,
        },
        {
          "x": 760.8,
          "y": 513,
        },
        {
          "x": 777.6,
          "y": 526.5,
        },
        {
          "x": 794.4,
          "y": 513,
        },
        {
          "x": 811.2,
          "y": 526.5,
        },
        {
          "x": 828,
          "y": 513,
        },
        {
          "x": 844.8,
          "y": 526.5,
        },
        {
          "x": 861.6,
          "y": 513,
        },
        {
          "x": 878.4,
          "y": 526.5,
        },
        {
          "x": 895.2,
          "y": 513,
        },
        {
          "x": 912,
          "y": 526.5,
        },
      ],
    },
    {
      "from": {
        "x": 180,
        "y": 513,
      },
      "id": "eye-line",
      "kind": "line",
      "to": {
        "x": 948,
        "y": 513,
      },
    },
    {
      "id": "left-eye-outer",
      "kind": "point",
      "point": {
        "x": 180,
        "y": 513,
      },
    },
    {
      "id": "left-eye-inner",
      "kind": "point",
      "point": {
        "x": 444,
        "y": 526.5,
      },
    },
    {
      "id": "right-eye-inner",
      "kind": "point",
      "point": {
        "x": 660,
        "y": 526.5,
      },
    },
    {
      "id": "right-eye-outer",
      "kind": "point",
      "point": {
        "x": 948,
        "y": 513,
      },
    },
    {
      "id": "left-pupil",
      "kind": "point",
      "point": {
        "x": 312,
        "y": 526.5,
      },
    },
    {
      "id": "right-pupil",
      "kind": "point",
      "point": {
        "x": 804,
        "y": 526.5,
      },
    },
    {
      "id": "eyes-label",
      "kind": "label",
      "point": {
        "x": 756,
        "y": 621,
      },
    },
  ],
  "report": [
    {
      "id": "face-region",
      "kind": "region",
      "points": [
        {
          "x": 60,
          "y": 324,
        },
        {
          "x": 132,
          "y": 498.234,
        },
        {
          "x": 204,
          "y": 663.731,
        },
        {
          "x": 276,
          "y": 812.193,
        },
        {
          "x": 348,
          "y": 936.174,
        },
        {
          "x": 420,
          "y": 1029.459,
        },
        {
          "x": 492,
          "y": 1087.369,
        },
        {
          "x": 564,
          "y": 1107,
        },
        {
          "x": 636,
          "y": 1087.369,
        },
        {
          "x": 708,
          "y": 1029.459,
        },
        {
          "x": 780,
          "y": 936.174,
        },
        {
          "x": 852,
          "y": 812.193,
        },
        {
          "x": 924,
          "y": 663.731,
        },
        {
          "x": 996,
          "y": 498.234,
        },
        {
          "x": 1068,
          "y": 324,
        },
      ],
    },
    {
      "id": "face-outline",
      "kind": "polyline",
      "points": [
        {
          "x": 60,
          "y": 324,
        },
        {
          "x": 132,
          "y": 498.234,
        },
        {
          "x": 204,
          "y": 663.731,
        },
        {
          "x": 276,
          "y": 812.193,
        },
        {
          "x": 348,
          "y": 936.174,
        },
        {
          "x": 420,
          "y": 1029.459,
        },
        {
          "x": 492,
          "y": 1087.369,
        },
        {
          "x": 564,
          "y": 1107,
        },
        {
          "x": 636,
          "y": 1087.369,
        },
        {
          "x": 708,
          "y": 1029.459,
        },
        {
          "x": 780,
          "y": 936.174,
        },
        {
          "x": 852,
          "y": 812.193,
        },
        {
          "x": 924,
          "y": 663.731,
        },
        {
          "x": 996,
          "y": 498.234,
        },
        {
          "x": 1068,
          "y": 324,
        },
      ],
    },
    {
      "from": {
        "x": 552,
        "y": 324,
      },
      "id": "center-axis",
      "kind": "line",
      "to": {
        "x": 564,
        "y": 1107,
      },
    },
    {
      "from": {
        "x": 180,
        "y": 513,
      },
      "id": "eye-line",
      "kind": "line",
      "to": {
        "x": 948,
        "y": 513,
      },
    },
    {
      "from": {
        "x": 348,
        "y": 891,
      },
      "id": "mouth-line",
      "kind": "line",
      "to": {
        "x": 828,
        "y": 891,
      },
    },
    {
      "id": "forehead",
      "kind": "point",
      "point": {
        "x": 552,
        "y": 324,
      },
    },
    {
      "id": "left-eye",
      "kind": "point",
      "point": {
        "x": 180,
        "y": 513,
      },
    },
    {
      "id": "right-eye",
      "kind": "point",
      "point": {
        "x": 948,
        "y": 513,
      },
    },
    {
      "id": "mouth",
      "kind": "point",
      "point": {
        "x": 588,
        "y": 897.75,
      },
    },
    {
      "id": "chin",
      "kind": "point",
      "point": {
        "x": 564,
        "y": 1107,
      },
    },
    {
      "id": "overall-label",
      "kind": "label",
      "point": {
        "x": 732,
        "y": 715.5,
      },
    },
  ],
}
`;

exports[`canonical creator overlay projection keeps report and category visual geometry stable at 1080x1080 1`] = `
{
  "category": [
    {
      "id": "left-eye-contour",
      "kind": "polyline",
      "points": [
        {
          "x": 252,
          "y": 410.4,
        },
        {
          "x": 265.44,
          "y": 421.2,
        },
        {
          "x": 278.88,
          "y": 410.4,
        },
        {
          "x": 292.32,
          "y": 421.2,
        },
        {
          "x": 305.76,
          "y": 410.4,
        },
        {
          "x": 319.2,
          "y": 421.2,
        },
        {
          "x": 332.64,
          "y": 410.4,
        },
        {
          "x": 346.08,
          "y": 421.2,
        },
        {
          "x": 359.52,
          "y": 410.4,
        },
        {
          "x": 372.96,
          "y": 421.2,
        },
        {
          "x": 386.4,
          "y": 410.4,
        },
        {
          "x": 399.84,
          "y": 421.2,
        },
        {
          "x": 413.28,
          "y": 410.4,
        },
        {
          "x": 426.72,
          "y": 421.2,
        },
        {
          "x": 440.16,
          "y": 410.4,
        },
        {
          "x": 453.6,
          "y": 421.2,
        },
      ],
    },
    {
      "id": "right-eye-contour",
      "kind": "polyline",
      "points": [
        {
          "x": 636,
          "y": 410.4,
        },
        {
          "x": 649.44,
          "y": 421.2,
        },
        {
          "x": 662.88,
          "y": 410.4,
        },
        {
          "x": 676.32,
          "y": 421.2,
        },
        {
          "x": 689.76,
          "y": 410.4,
        },
        {
          "x": 703.2,
          "y": 421.2,
        },
        {
          "x": 716.64,
          "y": 410.4,
        },
        {
          "x": 730.08,
          "y": 421.2,
        },
        {
          "x": 743.52,
          "y": 410.4,
        },
        {
          "x": 756.96,
          "y": 421.2,
        },
        {
          "x": 770.4,
          "y": 410.4,
        },
        {
          "x": 783.84,
          "y": 421.2,
        },
        {
          "x": 797.28,
          "y": 410.4,
        },
        {
          "x": 810.72,
          "y": 421.2,
        },
        {
          "x": 824.16,
          "y": 410.4,
        },
        {
          "x": 837.6,
          "y": 421.2,
        },
      ],
    },
    {
      "from": {
        "x": 252,
        "y": 410.4,
      },
      "id": "eye-line",
      "kind": "line",
      "to": {
        "x": 866.4,
        "y": 410.4,
      },
    },
    {
      "id": "left-eye-outer",
      "kind": "point",
      "point": {
        "x": 252,
        "y": 410.4,
      },
    },
    {
      "id": "left-eye-inner",
      "kind": "point",
      "point": {
        "x": 463.2,
        "y": 421.2,
      },
    },
    {
      "id": "right-eye-inner",
      "kind": "point",
      "point": {
        "x": 636,
        "y": 421.2,
      },
    },
    {
      "id": "right-eye-outer",
      "kind": "point",
      "point": {
        "x": 866.4,
        "y": 410.4,
      },
    },
    {
      "id": "left-pupil",
      "kind": "point",
      "point": {
        "x": 357.6,
        "y": 421.2,
      },
    },
    {
      "id": "right-pupil",
      "kind": "point",
      "point": {
        "x": 751.2,
        "y": 421.2,
      },
    },
    {
      "id": "eyes-label",
      "kind": "label",
      "point": {
        "x": 712.8,
        "y": 496.8,
      },
    },
  ],
  "report": [
    {
      "id": "face-region",
      "kind": "region",
      "points": [
        {
          "x": 156,
          "y": 259.2,
        },
        {
          "x": 213.6,
          "y": 398.587,
        },
        {
          "x": 271.2,
          "y": 530.985,
        },
        {
          "x": 328.8,
          "y": 649.754,
        },
        {
          "x": 386.4,
          "y": 748.939,
        },
        {
          "x": 444,
          "y": 823.567,
        },
        {
          "x": 501.6,
          "y": 869.895,
        },
        {
          "x": 559.2,
          "y": 885.6,
        },
        {
          "x": 616.8,
          "y": 869.895,
        },
        {
          "x": 674.4,
          "y": 823.567,
        },
        {
          "x": 732,
          "y": 748.939,
        },
        {
          "x": 789.6,
          "y": 649.754,
        },
        {
          "x": 847.2,
          "y": 530.985,
        },
        {
          "x": 904.8,
          "y": 398.587,
        },
        {
          "x": 962.4,
          "y": 259.2,
        },
      ],
    },
    {
      "id": "face-outline",
      "kind": "polyline",
      "points": [
        {
          "x": 156,
          "y": 259.2,
        },
        {
          "x": 213.6,
          "y": 398.587,
        },
        {
          "x": 271.2,
          "y": 530.985,
        },
        {
          "x": 328.8,
          "y": 649.754,
        },
        {
          "x": 386.4,
          "y": 748.939,
        },
        {
          "x": 444,
          "y": 823.567,
        },
        {
          "x": 501.6,
          "y": 869.895,
        },
        {
          "x": 559.2,
          "y": 885.6,
        },
        {
          "x": 616.8,
          "y": 869.895,
        },
        {
          "x": 674.4,
          "y": 823.567,
        },
        {
          "x": 732,
          "y": 748.939,
        },
        {
          "x": 789.6,
          "y": 649.754,
        },
        {
          "x": 847.2,
          "y": 530.985,
        },
        {
          "x": 904.8,
          "y": 398.587,
        },
        {
          "x": 962.4,
          "y": 259.2,
        },
      ],
    },
    {
      "from": {
        "x": 549.6,
        "y": 259.2,
      },
      "id": "center-axis",
      "kind": "line",
      "to": {
        "x": 559.2,
        "y": 885.6,
      },
    },
    {
      "from": {
        "x": 252,
        "y": 410.4,
      },
      "id": "eye-line",
      "kind": "line",
      "to": {
        "x": 866.4,
        "y": 410.4,
      },
    },
    {
      "from": {
        "x": 386.4,
        "y": 712.8,
      },
      "id": "mouth-line",
      "kind": "line",
      "to": {
        "x": 770.4,
        "y": 712.8,
      },
    },
    {
      "id": "forehead",
      "kind": "point",
      "point": {
        "x": 549.6,
        "y": 259.2,
      },
    },
    {
      "id": "left-eye",
      "kind": "point",
      "point": {
        "x": 252,
        "y": 410.4,
      },
    },
    {
      "id": "right-eye",
      "kind": "point",
      "point": {
        "x": 866.4,
        "y": 410.4,
      },
    },
    {
      "id": "mouth",
      "kind": "point",
      "point": {
        "x": 578.4,
        "y": 718.2,
      },
    },
    {
      "id": "chin",
      "kind": "point",
      "point": {
        "x": 559.2,
        "y": 885.6,
      },
    },
    {
      "id": "overall-label",
      "kind": "label",
      "point": {
        "x": 693.6,
        "y": 572.4,
      },
    },
  ],
}
`;
